###############################################################################
#
# IAR ELF Linker V7.80.4.12462/W32 for ARM                30/Mar/2017  09:24:07
# Copyright 2007-2017 IAR Systems AB.
#
#    Output file  =  
#        C:\Users\mschre\Documents\McuTemplates\apollo1_template-v10\example\iar\output\release\exe\apollo1_template.out
#    Map file     =  
#        C:\Users\mschre\Documents\McuTemplates\apollo1_template-v10\example\iar\output\release\list\apollo1_template.map
#    Command line =  
#        C:\Users\mschre\Documents\McuTemplates\apollo1_template-v10\example\iar\output\release\obj\main.o
#        C:\Users\mschre\Documents\McuTemplates\apollo1_template-v10\example\iar\output\release\obj\startup_apollo1.o
#        C:\Users\mschre\Documents\McuTemplates\apollo1_template-v10\example\iar\output\release\obj\system_apollo1.o
#        -o
#        C:\Users\mschre\Documents\McuTemplates\apollo1_template-v10\example\iar\output\release\exe\apollo1_template.out
#        --map
#        C:\Users\mschre\Documents\McuTemplates\apollo1_template-v10\example\iar\output\release\list\apollo1_template.map
#        --config
#        C:\Users\mschre\Documents\McuTemplates\apollo1_template-v10\example\iar\config\apollo512-kcr_rom.icf
#        --semihosting --entry __iar_program_start --vfe
#
###############################################################################

*******************************************************************************
*** RUNTIME MODEL ATTRIBUTES
***

CppFlavor       = *
__SystemLibrary = DLib


*******************************************************************************
*** PLACEMENT SUMMARY
***

"A0":  place at 0x00000000 { ro section .intvec };
"P1":  place in [from 0x00000000 to 0x0007ffff] { ro };
"P2":  place in [from 0x10000000 to 0x1000ffff] { rw, block CSTACK, block HEAP };
initialize by copy { rw };

  Section            Kind        Address   Size  Object
  -------            ----        -------   ----  ------
"A0":                                      0x70
  .intvec            ro code  0x00000000   0x70  startup_apollo1.o [1]
                            - 0x00000070   0x70

"P1":                                     0x188
  .text              ro code  0x00000070   0x34  system_apollo1.o [1]
  .text              ro code  0x000000a4   0x2c  copy_init3.o [5]
  .text              ro code  0x000000d0   0x28  data_init.o [5]
  .text              ro code  0x000000f8   0x22  fpinit_M.o [4]
  .iar.init_table    const    0x0000011c   0x14  - Linker created -
  .text              ro code  0x00000130   0x20  startup_apollo1.o [1]
  .text              ro code  0x00000150   0x1a  cmain.o [5]
  .text              ro code  0x0000016a    0x4  low_level_init.o [3]
  .text              ro code  0x0000016e    0x2  main.o [1]
  .text              ro code  0x00000170    0x4  exit.o [3]
  .text              ro code  0x00000174    0xa  cexit.o [5]
  .text              ro code  0x00000180   0x14  exit.o [6]
  .text              ro code  0x00000194    0xc  cstartup_M.o [5]
  .text              ro code  0x000001a0    0x4  startup_apollo1.o [1]
  .text              ro code  0x000001a4    0x4  startup_apollo1.o [1]
  .text              ro code  0x000001a8    0x4  startup_apollo1.o [1]
  .text              ro code  0x000001ac    0x4  startup_apollo1.o [1]
  .text              ro code  0x000001b0    0x4  startup_apollo1.o [1]
  .text              ro code  0x000001b4    0x4  startup_apollo1.o [1]
  .text              ro code  0x000001b8    0x4  startup_apollo1.o [1]
  .text              ro code  0x000001bc    0x4  startup_apollo1.o [1]
  .text              ro code  0x000001c0    0x4  startup_apollo1.o [1]
  .text              ro code  0x000001c4    0x4  startup_apollo1.o [1]
  .text              ro code  0x000001c8    0x4  startup_apollo1.o [1]
  .text              ro code  0x000001cc    0x4  startup_apollo1.o [1]
  .text              ro code  0x000001d0    0x4  startup_apollo1.o [1]
  .text              ro code  0x000001d4    0x4  startup_apollo1.o [1]
  .text              ro code  0x000001d8    0x4  startup_apollo1.o [1]
  .text              ro code  0x000001dc    0x4  startup_apollo1.o [1]
  .text              ro code  0x000001e0    0x4  startup_apollo1.o [1]
  .text              ro code  0x000001e4    0x4  startup_apollo1.o [1]
  .text              ro code  0x000001e8    0x4  startup_apollo1.o [1]
  .text              ro code  0x000001ec    0x4  startup_apollo1.o [1]
  .text              ro code  0x000001f0    0x4  startup_apollo1.o [1]
  Initializer bytes  const    0x000001f4    0x4  <for P2-1>
  .rodata            const    0x000001f8    0x0  copy_init3.o [5]
                            - 0x000001f8  0x188

"P2", part 1 of 2:                          0x4
  P2-1                        0x10000000    0x4  <Init block>
    .data            inited   0x10000000    0x4  system_apollo1.o [1]
                            - 0x10000004    0x4

"P2", part 2 of 2:                        0x400
  CSTACK                      0x10000008  0x400  <Block>
    CSTACK           uninit   0x10000008  0x400  <Block tail>
                            - 0x10000408  0x400


*******************************************************************************
*** INIT TABLE
***

          Address     Size
          -------     ----
Copy (__iar_copy_init3)
    1 source range, total size 0x4:
          0x000001f4   0x4
    1 destination range, total size 0x4:
          0x10000000   0x4



*******************************************************************************
*** MODULE SUMMARY
***

    Module             ro code  ro data  rw data
    ------             -------  -------  -------
C:\Users\mschre\Documents\McuTemplates\apollo1_template-v10\example\iar\output\release\obj: [1]
    main.o                   2
    startup_apollo1.o      228
    system_apollo1.o        52        4        4
    --------------------------------------------
    Total:                 282        4        4

command line: [2]
    --------------------------------------------
    Total:

dl7M_tln.a: [3]
    exit.o                   4
    low_level_init.o         4
    --------------------------------------------
    Total:                   8

m7M_tls.a: [4]
    fpinit_M.o              34
    --------------------------------------------
    Total:                  34

rt7M_tl.a: [5]
    cexit.o                 10
    cmain.o                 26
    copy_init3.o            44
    cstartup_M.o            12
    data_init.o             40
    --------------------------------------------
    Total:                 132

shb_l.a: [6]
    exit.o                  20
    --------------------------------------------
    Total:                  20

    Gaps                     2        2
    Linker created                   20    1 024
------------------------------------------------
    Grand Total:           478       26    1 028


*******************************************************************************
*** ENTRY LIST
***

Entry                      Address  Size  Type      Object
-----                      -------  ----  ----      ------
.iar.init_table$$Base   0x0000011c         --   Gb  - Linker created -
.iar.init_table$$Limit  0x00000130         --   Gb  - Linker created -
?main                   0x00000151        Code  Gb  cmain.o [5]
CSTACK$$Base            0x10000008         --   Gb  - Linker created -
CSTACK$$Limit           0x10000408         --   Gb  - Linker created -
Region$$Table$$Base     0x0000011c         --   Gb  - Linker created -
Region$$Table$$Limit    0x00000130         --   Gb  - Linker created -
SystemCoreClock         0x10000000   0x4  Data  Gb  system_apollo1.o [1]
SystemInit              0x00000071  0x20  Code  Gb  system_apollo1.o [1]
__cmain                 0x00000151        Code  Gb  cmain.o [5]
__exit                  0x00000181  0x14  Code  Gb  exit.o [6]
__iar_copy_init3        0x000000a5  0x2c  Code  Gb  copy_init3.o [5]
__iar_data_init3        0x000000d1  0x28  Code  Gb  data_init.o [5]
__iar_init_vfp          0x000000f9        Code  Gb  fpinit_M.o [4]
__iar_program_start     0x00000195        Code  Gb  cstartup_M.o [5]
__low_level_init        0x0000016b   0x4  Code  Gb  low_level_init.o [3]
__vector_table          0x00000000        Data  Gb  startup_apollo1.o [1]
_call_main              0x0000015d        Code  Gb  cmain.o [5]
_exit                   0x00000175        Code  Gb  cexit.o [5]
_main                   0x00000167        Code  Gb  cmain.o [5]
exit                    0x00000171   0x4  Code  Gb  exit.o [3]
main                    0x0000016f   0x2  Code  Gb  main.o [1]


[1] = C:\Users\mschre\Documents\McuTemplates\apollo1_template-v10\example\iar\output\release\obj
[2] = command line
[3] = dl7M_tln.a
[4] = m7M_tls.a
[5] = rt7M_tl.a
[6] = shb_l.a

    478 bytes of readonly  code memory
     26 bytes of readonly  data memory
  1 028 bytes of readwrite data memory

Errors: none
Warnings: none
